  question.cpp
C:\Users\Dasha\Pictures\sprint-eschool-team001\Main\Main\question.cpp(208,12): warning C4566: character represented by universal-character-name '\uC548' cannot be represented in the current code page (1252)
C:\Users\Dasha\Pictures\sprint-eschool-team001\Main\Main\question.cpp(208,12): warning C4566: character represented by universal-character-name '\uB155' cannot be represented in the current code page (1252)
C:\Users\Dasha\Pictures\sprint-eschool-team001\Main\Main\question.cpp(208,12): warning C4566: character represented by universal-character-name '\uD558' cannot be represented in the current code page (1252)
C:\Users\Dasha\Pictures\sprint-eschool-team001\Main\Main\question.cpp(208,12): warning C4566: character represented by universal-character-name '\uC138' cannot be represented in the current code page (1252)
C:\Users\Dasha\Pictures\sprint-eschool-team001\Main\Main\question.cpp(208,12): warning C4566: character represented by universal-character-name '\uC694' cannot be represented in the current code page (1252)
C:\Users\Dasha\Pictures\sprint-eschool-team001\Main\Main\question.cpp(254,12): warning C4566: character represented by universal-character-name '\u2800' cannot be represented in the current code page (1252)
C:\Users\Dasha\Pictures\sprint-eschool-team001\Main\Main\question.cpp(255,1): warning C4566: character represented by universal-character-name '\u2800' cannot be represented in the current code page (1252)
C:\Users\Dasha\Pictures\sprint-eschool-team001\Main\Main\question.cpp(256,1): warning C4566: character represented by universal-character-name '\u2800' cannot be represented in the current code page (1252)
C:\Users\Dasha\Pictures\sprint-eschool-team001\Main\Main\question.cpp(257,1): warning C4566: character represented by universal-character-name '\u2800' cannot be represented in the current code page (1252)
C:\Users\Dasha\Pictures\sprint-eschool-team001\Main\Main\question.cpp(258,1): warning C4566: character represented by universal-character-name '\u2800' cannot be represented in the current code page (1252)
C:\Users\Dasha\Pictures\sprint-eschool-team001\Main\Main\question.cpp(258,1): warning C4566: character represented by universal-character-name '\u28B0' cannot be represented in the current code page (1252)
C:\Users\Dasha\Pictures\sprint-eschool-team001\Main\Main\question.cpp(258,1): warning C4566: character represented by universal-character-name '\u28F7' cannot be represented in the current code page (1252)
C:\Users\Dasha\Pictures\sprint-eschool-team001\Main\Main\question.cpp(258,1): warning C4566: character represented by universal-character-name '\u28F6' cannot be represented in the current code page (1252)
C:\Users\Dasha\Pictures\sprint-eschool-team001\Main\Main\question.cpp(258,1): warning C4566: character represented by universal-character-name '\u2880' cannot be represented in the current code page (1252)
C:\Users\Dasha\Pictures\sprint-eschool-team001\Main\Main\question.cpp(258,1): warning C4566: character represented by universal-character-name '\u28E0' cannot be represented in the current code page (1252)
C:\Users\Dasha\Pictures\sprint-eschool-team001\Main\Main\question.cpp(258,1): warning C4566: character represented by universal-character-name '\u28F4' cannot be represented in the current code page (1252)
C:\Users\Dasha\Pictures\sprint-eschool-team001\Main\Main\question.cpp(258,1): warning C4566: character represented by universal-character-name '\u28E4' cannot be represented in the current code page (1252)
C:\Users\Dasha\Pictures\sprint-eschool-team001\Main\Main\question.cpp(258,1): warning C4566: character represented by universal-character-name '\u28C4' cannot be represented in the current code page (1252)
C:\Users\Dasha\Pictures\sprint-eschool-team001\Main\Main\question.cpp(258,1): warning C4566: character represented by universal-character-name '\u28C0' cannot be represented in the current code page (1252)
C:\Users\Dasha\Pictures\sprint-eschool-team001\Main\Main\question.cpp(259,1): warning C4566: character represented by universal-character-name '\u2800' cannot be represented in the current code page (1252)
C:\Users\Dasha\Pictures\sprint-eschool-team001\Main\Main\question.cpp(259,1): warning C4566: character represented by universal-character-name '\u28BF' cannot be represented in the current code page (1252)
C:\Users\Dasha\Pictures\sprint-eschool-team001\Main\Main\question.cpp(259,1): warning C4566: character represented by universal-character-name '\u28FF' cannot be represented in the current code page (1252)
C:\Users\Dasha\Pictures\sprint-eschool-team001\Main\Main\question.cpp(259,1): warning C4566: character represented by universal-character-name '\u28F7' cannot be represented in the current code page (1252)
C:\Users\Dasha\Pictures\sprint-eschool-team001\Main\Main\question.cpp(259,1): warning C4566: character represented by universal-character-name '\u28F6' cannot be represented in the current code page (1252)
C:\Users\Dasha\Pictures\sprint-eschool-team001\Main\Main\question.cpp(259,1): warning C4566: character represented by universal-character-name '\u28E6' cannot be represented in the current code page (1252)
C:\Users\Dasha\Pictures\sprint-eschool-team001\Main\Main\question.cpp(259,1): warning C4566: character represented by universal-character-name '\u28E4' cannot be represented in the current code page (1252)
C:\Users\Dasha\Pictures\sprint-eschool-team001\Main\Main\question.cpp(259,1): warning C4566: character represented by universal-character-name '\u28C0' cannot be represented in the current code page (1252)
C:\Users\Dasha\Pictures\sprint-eschool-team001\Main\Main\question.cpp(259,1): warning C4566: character represented by universal-character-name '\u28E0' cannot be represented in the current code page (1252)
C:\Users\Dasha\Pictures\sprint-eschool-team001\Main\Main\question.cpp(259,1): warning C4566: character represented by universal-character-name '\u28F4' cannot be represented in the current code page (1252)
C:\Users\Dasha\Pictures\sprint-eschool-team001\Main\Main\question.cpp(259,1): warning C4566: character represented by universal-character-name '\u28FE' cannot be represented in the current code page (1252)
C:\Users\Dasha\Pictures\sprint-eschool-team001\Main\Main\question.cpp(259,1): warning C4566: character represented by universal-character-name '\u2844' cannot be represented in the current code page (1252)
C:\Users\Dasha\Pictures\sprint-eschool-team001\Main\Main\question.cpp(260,1): warning C4566: character represented by universal-character-name '\u2800' cannot be represented in the current code page (1252)
C:\Users\Dasha\Pictures\sprint-eschool-team001\Main\Main\question.cpp(260,1): warning C4566: character represented by universal-character-name '\u2819' cannot be represented in the current code page (1252)
C:\Users\Dasha\Pictures\sprint-eschool-team001\Main\Main\question.cpp(260,1): warning C4566: character represented by universal-character-name '\u28BF' cannot be represented in the current code page (1252)
C:\Users\Dasha\Pictures\sprint-eschool-team001\Main\Main\question.cpp(260,1): warning C4566: character represented by universal-character-name '\u28FF' cannot be represented in the current code page (1252)
C:\Users\Dasha\Pictures\sprint-eschool-team001\Main\Main\question.cpp(260,1): warning C4566: character represented by universal-character-name '\u281F' cannot be represented in the current code page (1252)
C:\Users\Dasha\Pictures\sprint-eschool-team001\Main\Main\question.cpp(260,1): warning C4566: character represented by universal-character-name '\u281B' cannot be represented in the current code page (1252)
C:\Users\Dasha\Pictures\sprint-eschool-team001\Main\Main\question.cpp(260,1): warning C4566: character represented by universal-character-name '\u2803' cannot be represented in the current code page (1252)
C:\Users\Dasha\Pictures\sprint-eschool-team001\Main\Main\question.cpp(261,1): warning C4566: character represented by universal-character-name '\u2800' cannot be represented in the current code page (1252)
C:\Users\Dasha\Pictures\sprint-eschool-team001\Main\Main\question.cpp(261,1): warning C4566: character represented by universal-character-name '\u28E0' cannot be represented in the current code page (1252)
C:\Users\Dasha\Pictures\sprint-eschool-team001\Main\Main\question.cpp(261,1): warning C4566: character represented by universal-character-name '\u28FE' cannot be represented in the current code page (1252)
C:\Users\Dasha\Pictures\sprint-eschool-team001\Main\Main\question.cpp(261,1): warning C4566: character represented by universal-character-name '\u28FF' cannot be represented in the current code page (1252)
C:\Users\Dasha\Pictures\sprint-eschool-team001\Main\Main\question.cpp(262,1): warning C4566: character represented by universal-character-name '\u2800' cannot be represented in the current code page (1252)
C:\Users\Dasha\Pictures\sprint-eschool-team001\Main\Main\question.cpp(262,1): warning C4566: character represented by universal-character-name '\u28FC' cannot be represented in the current code page (1252)
C:\Users\Dasha\Pictures\sprint-eschool-team001\Main\Main\question.cpp(262,1): warning C4566: character represented by universal-character-name '\u28FF' cannot be represented in the current code page (1252)
C:\Users\Dasha\Pictures\sprint-eschool-team001\Main\Main\question.cpp(262,1): warning C4566: character represented by universal-character-name '\u281F' cannot be represented in the current code page (1252)
C:\Users\Dasha\Pictures\sprint-eschool-team001\Main\Main\question.cpp(263,1): warning C4566: character represented by universal-character-name '\u2800' cannot be represented in the current code page (1252)
C:\Users\Dasha\Pictures\sprint-eschool-team001\Main\Main\question.cpp(263,1): warning C4566: character represented by universal-character-name '\u28A0' cannot be represented in the current code page (1252)
C:\Users\Dasha\Pictures\sprint-eschool-team001\Main\Main\question.cpp(263,1): warning C4566: character represented by universal-character-name '\u28FF' cannot be represented in the current code page (1252)
C:\Users\Dasha\Pictures\sprint-eschool-team001\Main\Main\question.cpp(263,1): warning C4566: character represented by universal-character-name '\u28E7' cannot be represented in the current code page (1252)
C:\Users\Dasha\Pictures\sprint-eschool-team001\Main\Main\question.cpp(263,1): warning C4566: character represented by universal-character-name '\u2840' cannot be represented in the current code page (1252)
C:\Users\Dasha\Pictures\sprint-eschool-team001\Main\Main\question.cpp(264,1): warning C4566: character represented by universal-character-name '\u2800' cannot be represented in the current code page (1252)
C:\Users\Dasha\Pictures\sprint-eschool-team001\Main\Main\question.cpp(264,1): warning C4566: character represented by universal-character-name '\u2809' cannot be represented in the current code page (1252)
C:\Users\Dasha\Pictures\sprint-eschool-team001\Main\Main\question.cpp(264,1): warning C4566: character represented by universal-character-name '\u283B' cannot be represented in the current code page (1252)
C:\Users\Dasha\Pictures\sprint-eschool-team001\Main\Main\question.cpp(264,1): warning C4566: character represented by universal-character-name '\u28FF' cannot be represented in the current code page (1252)
C:\Users\Dasha\Pictures\sprint-eschool-team001\Main\Main\question.cpp(264,1): warning C4566: character represented by universal-character-name '\u287F' cannot be represented in the current code page (1252)
C:\Users\Dasha\Pictures\sprint-eschool-team001\Main\Main\question.cpp(264,1): warning C4566: character represented by universal-character-name '\u281F' cannot be represented in the current code page (1252)
C:\Users\Dasha\Pictures\sprint-eschool-team001\Main\Main\question.cpp(264,1): warning C4566: character represented by universal-character-name '\u283F' cannot be represented in the current code page (1252)
C:\Users\Dasha\Pictures\sprint-eschool-team001\Main\Main\question.cpp(265,1): warning C4566: character represented by universal-character-name '\u2800' cannot be represented in the current code page (1252)
C:\Users\Dasha\Pictures\sprint-eschool-team001\Main\Main\question.cpp(265,1): warning C4566: character represented by universal-character-name '\u28FF' cannot be represented in the current code page (1252)
C:\Users\Dasha\Pictures\sprint-eschool-team001\Main\Main\question.cpp(265,1): warning C4566: character represented by universal-character-name '\u285F' cannot be represented in the current code page (1252)
C:\Users\Dasha\Pictures\sprint-eschool-team001\Main\Main\question.cpp(265,1): warning C4566: character represented by universal-character-name '\u280B' cannot be represented in the current code page (1252)
C:\Users\Dasha\Pictures\sprint-eschool-team001\Main\Main\question.cpp(265,1): warning C4566: character represented by universal-character-name '\u2801' cannot be represented in the current code page (1252)
C:\Users\Dasha\Pictures\sprint-eschool-team001\Main\Main\question.cpp(266,1): warning C4566: character represented by universal-character-name '\u2800' cannot be represented in the current code page (1252)
C:\Users\Dasha\Pictures\sprint-eschool-team001\Main\Main\question.cpp(266,1): warning C4566: character represented by universal-character-name '\u281B' cannot be represented in the current code page (1252)
C:\Users\Dasha\Pictures\sprint-eschool-team001\Main\Main\question.cpp(266,1): warning C4566: character represented by universal-character-name '\u280B' cannot be represented in the current code page (1252)
C:\Users\Dasha\Pictures\sprint-eschool-team001\Main\Main\question.cpp(266,1): warning C4566: character represented by universal-character-name '\u2809' cannot be represented in the current code page (1252)
C:\Users\Dasha\Pictures\sprint-eschool-team001\Main\Main\question.cpp(266,1): warning C4566: character represented by universal-character-name '\u2801' cannot be represented in the current code page (1252)
C:\Users\Dasha\Pictures\sprint-eschool-team001\Main\Main\question.cpp(266,1): warning C4566: character represented by universal-character-name '\u283B' cannot be represented in the current code page (1252)
C:\Users\Dasha\Pictures\sprint-eschool-team001\Main\Main\question.cpp(266,1): warning C4566: character represented by universal-character-name '\u28BF' cannot be represented in the current code page (1252)
C:\Users\Dasha\Pictures\sprint-eschool-team001\Main\Main\question.cpp(266,1): warning C4566: character represented by universal-character-name '\u28FF' cannot be represented in the current code page (1252)
C:\Users\Dasha\Pictures\sprint-eschool-team001\Main\Main\question.cpp(266,1): warning C4566: character represented by universal-character-name '\u283F' cannot be represented in the current code page (1252)
C:\Users\Dasha\Pictures\sprint-eschool-team001\Main\Main\question.cpp(266,1): warning C4566: character represented by universal-character-name '\u2803' cannot be represented in the current code page (1252)
C:\Users\Dasha\Pictures\sprint-eschool-team001\Main\Main\question.cpp(267,1): warning C4566: character represented by universal-character-name '\u2800' cannot be represented in the current code page (1252)
C:\Users\Dasha\Pictures\sprint-eschool-team001\Main\Main\question.cpp(268,1): warning C4566: character represented by universal-character-name '\u2800' cannot be represented in the current code page (1252)
C:\Users\Dasha\Pictures\sprint-eschool-team001\Main\Main\question.cpp(336,1): warning C4566: character represented by universal-character-name '\u2800' cannot be represented in the current code page (1252)
C:\Users\Dasha\Pictures\sprint-eschool-team001\Main\Main\question.cpp(336,1): warning C4566: character represented by universal-character-name '\u2810' cannot be represented in the current code page (1252)
C:\Users\Dasha\Pictures\sprint-eschool-team001\Main\Main\question.cpp(336,1): warning C4566: character represented by universal-character-name '\u2840' cannot be represented in the current code page (1252)
C:\Users\Dasha\Pictures\sprint-eschool-team001\Main\Main\question.cpp(336,1): warning C4566: character represented by universal-character-name '\u28A4' cannot be represented in the current code page (1252)
C:\Users\Dasha\Pictures\sprint-eschool-team001\Main\Main\question.cpp(336,1): warning C4566: character represented by universal-character-name '\u28E4' cannot be represented in the current code page (1252)
C:\Users\Dasha\Pictures\sprint-eschool-team001\Main\Main\question.cpp(336,1): warning C4566: character represented by universal-character-name '\u28C4' cannot be represented in the current code page (1252)
C:\Users\Dasha\Pictures\sprint-eschool-team001\Main\Main\question.cpp(336,1): warning C4566: character represented by universal-character-name '\u28C0' cannot be represented in the current code page (1252)
C:\Users\Dasha\Pictures\sprint-eschool-team001\Main\Main\question.cpp(337,1): warning C4566: character represented by universal-character-name '\u2800' cannot be represented in the current code page (1252)
C:\Users\Dasha\Pictures\sprint-eschool-team001\Main\Main\question.cpp(337,1): warning C4566: character represented by universal-character-name '\u28E8' cannot be represented in the current code page (1252)
C:\Users\Dasha\Pictures\sprint-eschool-team001\Main\Main\question.cpp(337,1): warning C4566: character represented by universal-character-name '\u28FF' cannot be represented in the current code page (1252)
C:\Users\Dasha\Pictures\sprint-eschool-team001\Main\Main\question.cpp(337,1): warning C4566: character represented by universal-character-name '\u28E5' cannot be represented in the current code page (1252)
C:\Users\Dasha\Pictures\sprint-eschool-team001\Main\Main\question.cpp(337,1): warning C4566: character represented by universal-character-name '\u28C0' cannot be represented in the current code page (1252)
C:\Users\Dasha\Pictures\sprint-eschool-team001\Main\Main\question.cpp(337,1): warning C4566: character represented by universal-character-name '\u2880' cannot be represented in the current code page (1252)
C:\Users\Dasha\Pictures\sprint-eschool-team001\Main\Main\question.cpp(337,1): warning C4566: character represented by universal-character-name '\u2874' cannot be represented in the current code page (1252)
C:\Users\Dasha\Pictures\sprint-eschool-team001\Main\Main\question.cpp(337,1): warning C4566: character represented by universal-character-name '\u28A0' cannot be represented in the current code page (1252)
C:\Users\Dasha\Pictures\sprint-eschool-team001\Main\Main\question.cpp(337,1): warning C4566: character represented by universal-character-name '\u28E4' cannot be represented in the current code page (1252)
C:\Users\Dasha\Pictures\sprint-eschool-team001\Main\Main\question.cpp(337,1): warning C4566: character represented by universal-character-name '\u28F8' cannot be represented in the current code page (1252)
C:\Users\Dasha\Pictures\sprint-eschool-team001\Main\Main\question.cpp(337,1): warning C4566: character represented by universal-character-name '\u28F7' cannot be represented in the current code page (1252)
C:\Users\Dasha\Pictures\sprint-eschool-team001\Main\Main\question.cpp(337,1): warning C4566: character represented by universal-character-name '\u2842' cannot be represented in the current code page (1252)
C:\Users\Dasha\Pictures\sprint-eschool-team001\Main\Main\question.cpp(338,1): warning C4566: character represented by universal-character-name '\u2800' cannot be represented in the current code page (1252)
C:\Users\Dasha\Pictures\sprint-eschool-team001\Main\Main\question.cpp(338,1): warning C4566: character represented by universal-character-name '\u28FF' cannot be represented in the current code page (1252)
C:\Users\Dasha\Pictures\sprint-eschool-team001\Main\Main\question.cpp(338,1): warning C4566: character represented by universal-character-name '\u28DF' cannot be represented in the current code page (1252)
C:\Users\Dasha\Pictures\sprint-eschool-team001\Main\Main\question.cpp(338,1): warning C4566: character represented by universal-character-name '\u28C1' cannot be represented in the current code page (1252)
C:\Users\Dasha\Pictures\sprint-eschool-team001\Main\Main\question.cpp(338,1): warning C4566: character represented by universal-character-name '\u28C0' cannot be represented in the current code page (1252)
C:\Users\Dasha\Pictures\sprint-eschool-team001\Main\Main\question.cpp(338,1): warning C4566: character represented by universal-character-name '\u28F4' cannot be represented in the current code page (1252)
C:\Users\Dasha\Pictures\sprint-eschool-team001\Main\Main\question.cpp(338,1): warning C4566: character represented by universal-character-name '\u28F6' cannot be represented in the current code page (1252)
C:\Users\Dasha\Pictures\sprint-eschool-team001\Main\Main\question.cpp(338,1): warning C4566: character represented by universal-character-name '\u28FE' cannot be represented in the current code page (1252)
C:\Users\Dasha\Pictures\sprint-eschool-team001\Main\Main\question.cpp(338,1): warning C4566: character represented by universal-character-name '\u28E7' cannot be represented in the current code page (1252)
C:\Users\Dasha\Pictures\sprint-eschool-team001\Main\Main\question.cpp(338,1): warning C4566: character represented by universal-character-name '\u28C4' cannot be represented in the current code page (1252)
C:\Users\Dasha\Pictures\sprint-eschool-team001\Main\Main\question.cpp(338,1): warning C4566: character represented by universal-character-name '\u2840' cannot be represented in the current code page (1252)
C:\Users\Dasha\Pictures\sprint-eschool-team001\Main\Main\question.cpp(339,1): warning C4566: character represented by universal-character-name '\u2800' cannot be represented in the current code page (1252)
C:\Users\Dasha\Pictures\sprint-eschool-team001\Main\Main\question.cpp(339,1): warning C4566: character represented by universal-character-name '\u28E0' cannot be represented in the current code page (1252)
C:\Users\Dasha\Pictures\sprint-eschool-team001\Main\Main\question.cpp(339,1): warning C4566: character represented by universal-character-name '\u28E4' cannot be represented in the current code page (1252)
C:\Users\Dasha\Pictures\sprint-eschool-team001\Main\Main\question.cpp(339,1): warning C4566: character represented by universal-character-name '\u2880' cannot be represented in the current code page (1252)
C:\Users\Dasha\Pictures\sprint-eschool-team001\Main\Main\question.cpp(339,1): warning C4566: character represented by universal-character-name '\u28F8' cannot be represented in the current code page (1252)
C:\Users\Dasha\Pictures\sprint-eschool-team001\Main\Main\question.cpp(339,1): warning C4566: character represented by universal-character-name '\u28FF' cannot be represented in the current code page (1252)
C:\Users\Dasha\Pictures\sprint-eschool-team001\Main\Main\question.cpp(339,1): warning C4566: character represented by universal-character-name '\u28FE' cannot be represented in the current code page (1252)
C:\Users\Dasha\Pictures\sprint-eschool-team001\Main\Main\question.cpp(339,1): warning C4566: character represented by universal-character-name '\u28F7' cannot be represented in the current code page (1252)
C:\Users\Dasha\Pictures\sprint-eschool-team001\Main\Main\question.cpp(340,1): warning C4566: character represented by universal-character-name '\u2800' cannot be represented in the current code page (1252)
C:\Users\Dasha\Pictures\sprint-eschool-team001\Main\Main\question.cpp(340,1): warning C4566: character represented by universal-character-name '\u2808' cannot be represented in the current code page (1252)
C:\Users\Dasha\Pictures\sprint-eschool-team001\Main\Main\question.cpp(340,1): warning C4566: character represented by universal-character-name '\u28BB' cannot be represented in the current code page (1252)
C:\Users\Dasha\Pictures\sprint-eschool-team001\Main\Main\question.cpp(340,1): warning C4566: character represented by universal-character-name '\u28FF' cannot be represented in the current code page (1252)
C:\Users\Dasha\Pictures\sprint-eschool-team001\Main\Main\question.cpp(340,1): warning C4566: character represented by universal-character-name '\u28FE' cannot be represented in the current code page (1252)
C:\Users\Dasha\Pictures\sprint-eschool-team001\Main\Main\question.cpp(340,1): warning C4566: character represented by universal-character-name '\u2804' cannot be represented in the current code page (1252)
C:\Users\Dasha\Pictures\sprint-eschool-team001\Main\Main\question.cpp(341,1): warning C4566: character represented by universal-character-name '\u2800' cannot be represented in the current code page (1252)
C:\Users\Dasha\Pictures\sprint-eschool-team001\Main\Main\question.cpp(341,1): warning C4566: character represented by universal-character-name '\u28FC' cannot be represented in the current code page (1252)
C:\Users\Dasha\Pictures\sprint-eschool-team001\Main\Main\question.cpp(341,1): warning C4566: character represented by universal-character-name '\u28FF' cannot be represented in the current code page (1252)
C:\Users\Dasha\Pictures\sprint-eschool-team001\Main\Main\question.cpp(341,1): warning C4566: character represented by universal-character-name '\u284B' cannot be represented in the current code page (1252)
C:\Users\Dasha\Pictures\sprint-eschool-team001\Main\Main\question.cpp(342,1): warning C4566: character represented by universal-character-name '\u2800' cannot be represented in the current code page (1252)
C:\Users\Dasha\Pictures\sprint-eschool-team001\Main\Main\question.cpp(342,1): warning C4566: character represented by universal-character-name '\u2830' cannot be represented in the current code page (1252)
C:\Users\Dasha\Pictures\sprint-eschool-team001\Main\Main\question.cpp(342,1): warning C4566: character represented by universal-character-name '\u2836' cannot be represented in the current code page (1252)
C:\Users\Dasha\Pictures\sprint-eschool-team001\Main\Main\question.cpp(342,1): warning C4566: character represented by universal-character-name '\u28FF' cannot be represented in the current code page (1252)
C:\Users\Dasha\Pictures\sprint-eschool-team001\Main\Main\question.cpp(342,1): warning C4566: character represented by universal-character-name '\u28F7' cannot be represented in the current code page (1252)
C:\Users\Dasha\Pictures\sprint-eschool-team001\Main\Main\question.cpp(343,1): warning C4566: character represented by universal-character-name '\u2800' cannot be represented in the current code page (1252)
C:\Users\Dasha\Pictures\sprint-eschool-team001\Main\Main\question.cpp(343,1): warning C4566: character represented by universal-character-name '\u28F4' cannot be represented in the current code page (1252)
C:\Users\Dasha\Pictures\sprint-eschool-team001\Main\Main\question.cpp(343,1): warning C4566: character represented by universal-character-name '\u28FF' cannot be represented in the current code page (1252)
C:\Users\Dasha\Pictures\sprint-eschool-team001\Main\Main\question.cpp(343,1): warning C4566: character represented by universal-character-name '\u2846' cannot be represented in the current code page (1252)
C:\Users\Dasha\Pictures\sprint-eschool-team001\Main\Main\question.cpp(344,1): warning C4566: character represented by universal-character-name '\u2800' cannot be represented in the current code page (1252)
C:\Users\Dasha\Pictures\sprint-eschool-team001\Main\Main\question.cpp(344,1): warning C4566: character represented by universal-character-name '\u2810' cannot be represented in the current code page (1252)
C:\Users\Dasha\Pictures\sprint-eschool-team001\Main\Main\question.cpp(344,1): warning C4566: character represented by universal-character-name '\u28F6' cannot be represented in the current code page (1252)
C:\Users\Dasha\Pictures\sprint-eschool-team001\Main\Main\question.cpp(344,1): warning C4566: character represented by universal-character-name '\u28FF' cannot be represented in the current code page (1252)
C:\Users\Dasha\Pictures\sprint-eschool-team001\Main\Main\question.cpp(344,1): warning C4566: character represented by universal-character-name '\u2845' cannot be represented in the current code page (1252)
C:\Users\Dasha\Pictures\sprint-eschool-team001\Main\Main\question.cpp(345,1): warning C4566: character represented by universal-character-name '\u2800' cannot be represented in the current code page (1252)
C:\Users\Dasha\Pictures\sprint-eschool-team001\Main\Main\question.cpp(345,1): warning C4566: character represented by universal-character-name '\u28F8' cannot be represented in the current code page (1252)
C:\Users\Dasha\Pictures\sprint-eschool-team001\Main\Main\question.cpp(345,1): warning C4566: character represented by universal-character-name '\u28FF' cannot be represented in the current code page (1252)
C:\Users\Dasha\Pictures\sprint-eschool-team001\Main\Main\question.cpp(345,1): warning C4566: character represented by universal-character-name '\u28F7' cannot be represented in the current code page (1252)
C:\Users\Dasha\Pictures\sprint-eschool-team001\Main\Main\question.cpp(345,1): warning C4566: character represented by universal-character-name '\u2846' cannot be represented in the current code page (1252)
C:\Users\Dasha\Pictures\sprint-eschool-team001\Main\Main\question.cpp(346,1): warning C4566: character represented by universal-character-name '\u2800' cannot be represented in the current code page (1252)
C:\Users\Dasha\Pictures\sprint-eschool-team001\Main\Main\question.cpp(346,1): warning C4566: character represented by universal-character-name '\u2810' cannot be represented in the current code page (1252)
C:\Users\Dasha\Pictures\sprint-eschool-team001\Main\Main\question.cpp(346,1): warning C4566: character represented by universal-character-name '\u28FF' cannot be represented in the current code page (1252)
C:\Users\Dasha\Pictures\sprint-eschool-team001\Main\Main\question.cpp(346,1): warning C4566: character represented by universal-character-name '\u287F' cannot be represented in the current code page (1252)
C:\Users\Dasha\Pictures\sprint-eschool-team001\Main\Main\question.cpp(346,1): warning C4566: character represented by universal-character-name '\u281B' cannot be represented in the current code page (1252)
C:\Users\Dasha\Pictures\sprint-eschool-team001\Main\Main\question.cpp(346,1): warning C4566: character represented by universal-character-name '\u2803' cannot be represented in the current code page (1252)
C:\Users\Dasha\Pictures\sprint-eschool-team001\Main\Main\question.cpp(347,1): warning C4566: character represented by universal-character-name '\u2800' cannot be represented in the current code page (1252)
C:\Users\Dasha\Pictures\sprint-eschool-team001\Main\Main\question.cpp(347,1): warning C4566: character represented by universal-character-name '\u2839' cannot be represented in the current code page (1252)
C:\Users\Dasha\Pictures\sprint-eschool-team001\Main\Main\question.cpp(347,1): warning C4566: character represented by universal-character-name '\u28FF' cannot be represented in the current code page (1252)
C:\Users\Dasha\Pictures\sprint-eschool-team001\Main\Main\question.cpp(347,1): warning C4566: character represented by universal-character-name '\u283F' cannot be represented in the current code page (1252)
C:\Users\Dasha\Pictures\sprint-eschool-team001\Main\Main\question.cpp(347,1): warning C4566: character represented by universal-character-name '\u281B' cannot be represented in the current code page (1252)
C:\Users\Dasha\Pictures\sprint-eschool-team001\Main\Main\question.cpp(347,1): warning C4566: character represented by universal-character-name '\u2809' cannot be represented in the current code page (1252)
C:\Users\Dasha\Pictures\sprint-eschool-team001\Main\Main\question.cpp(347,1): warning C4566: character represented by universal-character-name '\u2801' cannot be represented in the current code page (1252)
C:\Users\Dasha\Pictures\sprint-eschool-team001\Main\Main\question.cpp(348,1): warning C4566: character represented by universal-character-name '\u2800' cannot be represented in the current code page (1252)
C:\Users\Dasha\Pictures\sprint-eschool-team001\Main\Main\question.cpp(348,1): warning C4566: character represented by universal-character-name '\u28B0' cannot be represented in the current code page (1252)
C:\Users\Dasha\Pictures\sprint-eschool-team001\Main\Main\question.cpp(348,1): warning C4566: character represented by universal-character-name '\u28FF' cannot be represented in the current code page (1252)
C:\Users\Dasha\Pictures\sprint-eschool-team001\Main\Main\question.cpp(348,1): warning C4566: character represented by universal-character-name '\u28EF' cannot be represented in the current code page (1252)
C:\Users\Dasha\Pictures\sprint-eschool-team001\Main\Main\question.cpp(348,1): warning C4566: character represented by universal-character-name '\u284B' cannot be represented in the current code page (1252)
C:\Users\Dasha\Pictures\sprint-eschool-team001\Main\Main\question.cpp(349,1): warning C4566: character represented by universal-character-name '\u2800' cannot be represented in the current code page (1252)
C:\Users\Dasha\Pictures\sprint-eschool-team001\Main\Main\question.cpp(349,1): warning C4566: character represented by universal-character-name '\u2808' cannot be represented in the current code page (1252)
C:\Users\Dasha\Pictures\sprint-eschool-team001\Main\Main\question.cpp(349,1): warning C4566: character represented by universal-character-name '\u289B' cannot be represented in the current code page (1252)
C:\Users\Dasha\Pictures\sprint-eschool-team001\Main\Main\question.cpp(349,1): warning C4566: character represented by universal-character-name '\u28FF' cannot be represented in the current code page (1252)
C:\Users\Dasha\Pictures\sprint-eschool-team001\Main\Main\question.cpp(349,1): warning C4566: character represented by universal-character-name '\u28DF' cannot be represented in the current code page (1252)
C:\Users\Dasha\Pictures\sprint-eschool-team001\Main\Main\question.cpp(350,1): warning C4566: character represented by universal-character-name '\u2800' cannot be represented in the current code page (1252)
C:\Users\Dasha\Pictures\sprint-eschool-team001\Main\Main\question.cpp(350,1): warning C4566: character represented by universal-character-name '\u2819' cannot be represented in the current code page (1252)
C:\Users\Dasha\Pictures\sprint-eschool-team001\Main\Main\question.cpp(350,1): warning C4566: character represented by universal-character-name '\u28FF' cannot be represented in the current code page (1252)
C:\Users\Dasha\Pictures\sprint-eschool-team001\Main\Main\question.cpp(350,1): warning C4566: character represented by universal-character-name '\u28E7' cannot be represented in the current code page (1252)
C:\Users\Dasha\Pictures\sprint-eschool-team001\Main\Main\question.cpp(350,1): warning C4566: character represented by universal-character-name '\u28C0' cannot be represented in the current code page (1252)
C:\Users\Dasha\Pictures\sprint-eschool-team001\Main\Main\question.cpp(351,1): warning C4566: character represented by universal-character-name '\u2800' cannot be represented in the current code page (1252)
C:\Users\Dasha\Pictures\sprint-eschool-team001\Main\Main\question.cpp(351,1): warning C4566: character represented by universal-character-name '\u2808' cannot be represented in the current code page (1252)
C:\Users\Dasha\Pictures\sprint-eschool-team001\Main\Main\question.cpp(351,1): warning C4566: character represented by universal-character-name '\u2809' cannot be represented in the current code page (1252)
C:\Users\Dasha\Pictures\sprint-eschool-team001\Main\Main\question.cpp(351,1): warning C4566: character represented by universal-character-name '\u2819' cannot be represented in the current code page (1252)
C:\Users\Dasha\Pictures\sprint-eschool-team001\Main\Main\question.cpp(351,1): warning C4566: character represented by universal-character-name '\u281B' cannot be represented in the current code page (1252)
C:\Users\Dasha\Pictures\sprint-eschool-team001\Main\Main\question.cpp(351,1): warning C4566: character represented by universal-character-name '\u28FF' cannot be represented in the current code page (1252)
C:\Users\Dasha\Pictures\sprint-eschool-team001\Main\Main\question.cpp(351,1): warning C4566: character represented by universal-character-name '\u28F7' cannot be represented in the current code page (1252)
C:\Users\Dasha\Pictures\sprint-eschool-team001\Main\Main\question.cpp(351,1): warning C4566: character represented by universal-character-name '\u28C4' cannot be represented in the current code page (1252)
C:\Users\Dasha\Pictures\sprint-eschool-team001\Main\Main\question.cpp(351,1): warning C4566: character represented by universal-character-name '\u2840' cannot be represented in the current code page (1252)
C:\Users\Dasha\Pictures\sprint-eschool-team001\Main\Main\question.cpp(352,1): warning C4566: character represented by universal-character-name '\u2800' cannot be represented in the current code page (1252)
C:\Users\Dasha\Pictures\sprint-eschool-team001\Main\Main\question.cpp(352,1): warning C4566: character represented by universal-character-name '\u2880' cannot be represented in the current code page (1252)
C:\Users\Dasha\Pictures\sprint-eschool-team001\Main\Main\question.cpp(352,1): warning C4566: character represented by universal-character-name '\u28FE' cannot be represented in the current code page (1252)
C:\Users\Dasha\Pictures\sprint-eschool-team001\Main\Main\question.cpp(352,1): warning C4566: character represented by universal-character-name '\u28FF' cannot be represented in the current code page (1252)
C:\Users\Dasha\Pictures\sprint-eschool-team001\Main\Main\question.cpp(352,1): warning C4566: character represented by universal-character-name '\u287F' cannot be represented in the current code page (1252)
C:\Users\Dasha\Pictures\sprint-eschool-team001\Main\Main\question.cpp(352,1): warning C4566: character represented by universal-character-name '\u283F' cannot be represented in the current code page (1252)
C:\Users\Dasha\Pictures\sprint-eschool-team001\Main\Main\question.cpp(353,1): warning C4566: character represented by universal-character-name '\u2800' cannot be represented in the current code page (1252)
C:\Users\Dasha\Pictures\sprint-eschool-team001\Main\Main\question.cpp(353,1): warning C4566: character represented by universal-character-name '\u28FC' cannot be represented in the current code page (1252)
C:\Users\Dasha\Pictures\sprint-eschool-team001\Main\Main\question.cpp(353,1): warning C4566: character represented by universal-character-name '\u28FF' cannot be represented in the current code page (1252)
C:\Users\Dasha\Pictures\sprint-eschool-team001\Main\Main\question.cpp(353,1): warning C4566: character represented by universal-character-name '\u281F' cannot be represented in the current code page (1252)
C:\Users\Dasha\Pictures\sprint-eschool-team001\Main\Main\question.cpp(353,1): warning C4566: character represented by universal-character-name '\u281B' cannot be represented in the current code page (1252)
C:\Users\Dasha\Pictures\sprint-eschool-team001\Main\Main\question.cpp(353,1): warning C4566: character represented by universal-character-name '\u2801' cannot be represented in the current code page (1252)
C:\Users\Dasha\Pictures\sprint-eschool-team001\Main\Main\question.cpp(354,1): warning C4566: character represented by universal-character-name '\u2800' cannot be represented in the current code page (1252)
C:\Users\Dasha\Pictures\sprint-eschool-team001\Main\Main\question.cpp(354,1): warning C4566: character represented by universal-character-name '\u2880' cannot be represented in the current code page (1252)
C:\Users\Dasha\Pictures\sprint-eschool-team001\Main\Main\question.cpp(354,1): warning C4566: character represented by universal-character-name '\u28FF' cannot be represented in the current code page (1252)
C:\Users\Dasha\Pictures\sprint-eschool-team001\Main\Main\question.cpp(354,1): warning C4566: character represented by universal-character-name '\u287F' cannot be represented in the current code page (1252)
C:\Users\Dasha\Pictures\sprint-eschool-team001\Main\Main\question.cpp(354,1): warning C4566: character represented by universal-character-name '\u2846' cannot be represented in the current code page (1252)
C:\Users\Dasha\Pictures\sprint-eschool-team001\Main\Main\question.cpp(355,1): warning C4566: character represented by universal-character-name '\u2800' cannot be represented in the current code page (1252)
C:\Users\Dasha\Pictures\sprint-eschool-team001\Main\Main\question.cpp(355,1): warning C4566: character represented by universal-character-name '\u2809' cannot be represented in the current code page (1252)
C:\Users\Dasha\Pictures\sprint-eschool-team001\Main\Main\question.cpp(355,1): warning C4566: character represented by universal-character-name '\u2808' cannot be represented in the current code page (1252)
C:\Users\Dasha\Pictures\sprint-eschool-team001\Main\Main\question.cpp(355,1): warning C4566: character represented by universal-character-name '\u2819' cannot be represented in the current code page (1252)
C:\Users\Dasha\Pictures\sprint-eschool-team001\Main\Main\question.cpp(355,1): warning C4566: character represented by universal-character-name '\u283B' cannot be represented in the current code page (1252)
C:\Users\Dasha\Pictures\sprint-eschool-team001\Main\Main\question.cpp(355,1): warning C4566: character represented by universal-character-name '\u287F' cannot be represented in the current code page (1252)
C:\Users\Dasha\Pictures\sprint-eschool-team001\Main\Main\question.cpp(355,1): warning C4566: character represented by universal-character-name '\u281B' cannot be represented in the current code page (1252)
C:\Users\Dasha\Pictures\sprint-eschool-team001\Main\Main\question.cpp(355,1): warning C4566: character represented by universal-character-name '\u283F' cannot be represented in the current code page (1252)
C:\Users\Dasha\Pictures\sprint-eschool-team001\Main\Main\question.cpp(355,1): warning C4566: character represented by universal-character-name '\u281F' cannot be represented in the current code page (1252)
C:\Users\Dasha\Pictures\sprint-eschool-team001\Main\Main\question.cpp(355,1): warning C4566: character represented by universal-character-name '\u280B' cannot be represented in the current code page (1252)
C:\Users\Dasha\Pictures\sprint-eschool-team001\Main\Main\question.cpp(355,1): warning C4566: character represented by universal-character-name '\u2801' cannot be represented in the current code page (1252)
C:\Users\Dasha\Pictures\sprint-eschool-team001\Main\Main\question.cpp(362,1): warning C4566: character represented by universal-character-name '\u2800' cannot be represented in the current code page (1252)
C:\Users\Dasha\Pictures\sprint-eschool-team001\Main\Main\question.cpp(368,1): warning C4566: character represented by universal-character-name '\u28C0' cannot be represented in the current code page (1252)
C:\Users\Dasha\Pictures\sprint-eschool-team001\Main\Main\question.cpp(368,1): warning C4566: character represented by universal-character-name '\u28E4' cannot be represented in the current code page (1252)
C:\Users\Dasha\Pictures\sprint-eschool-team001\Main\Main\question.cpp(368,1): warning C4566: character represented by universal-character-name '\u2844' cannot be represented in the current code page (1252)
C:\Users\Dasha\Pictures\sprint-eschool-team001\Main\Main\question.cpp(369,1): warning C4566: character represented by universal-character-name '\u28FF' cannot be represented in the current code page (1252)
C:\Users\Dasha\Pictures\sprint-eschool-team001\Main\Main\question.cpp(369,1): warning C4566: character represented by universal-character-name '\u28E6' cannot be represented in the current code page (1252)
C:\Users\Dasha\Pictures\sprint-eschool-team001\Main\Main\question.cpp(369,1): warning C4566: character represented by universal-character-name '\u2840' cannot be represented in the current code page (1252)
C:\Users\Dasha\Pictures\sprint-eschool-team001\Main\Main\question.cpp(370,1): warning C4566: character represented by universal-character-name '\u28C0' cannot be represented in the current code page (1252)
C:\Users\Dasha\Pictures\sprint-eschool-team001\Main\Main\question.cpp(370,1): warning C4566: character represented by universal-character-name '\u28F4' cannot be represented in the current code page (1252)
C:\Users\Dasha\Pictures\sprint-eschool-team001\Main\Main\question.cpp(370,1): warning C4566: character represented by universal-character-name '\u28FF' cannot be represented in the current code page (1252)
C:\Users\Dasha\Pictures\sprint-eschool-team001\Main\Main\question.cpp(370,1): warning C4566: character represented by universal-character-name '\u28C7' cannot be represented in the current code page (1252)
C:\Users\Dasha\Pictures\sprint-eschool-team001\Main\Main\question.cpp(370,1): warning C4566: character represented by universal-character-name '\u28E0' cannot be represented in the current code page (1252)
C:\Users\Dasha\Pictures\sprint-eschool-team001\Main\Main\question.cpp(370,1): warning C4566: character represented by universal-character-name '\u2844' cannot be represented in the current code page (1252)
C:\Users\Dasha\Pictures\sprint-eschool-team001\Main\Main\question.cpp(371,1): warning C4566: character represented by universal-character-name '\u28B7' cannot be represented in the current code page (1252)
C:\Users\Dasha\Pictures\sprint-eschool-team001\Main\Main\question.cpp(371,1): warning C4566: character represented by universal-character-name '\u28C7' cannot be represented in the current code page (1252)
C:\Users\Dasha\Pictures\sprint-eschool-team001\Main\Main\question.cpp(371,1): warning C4566: character represented by universal-character-name '\u28C0' cannot be represented in the current code page (1252)
C:\Users\Dasha\Pictures\sprint-eschool-team001\Main\Main\question.cpp(371,1): warning C4566: character represented by universal-character-name '\u2840' cannot be represented in the current code page (1252)
C:\Users\Dasha\Pictures\sprint-eschool-team001\Main\Main\question.cpp(371,1): warning C4566: character represented by universal-character-name '\u2880' cannot be represented in the current code page (1252)
C:\Users\Dasha\Pictures\sprint-eschool-team001\Main\Main\question.cpp(371,1): warning C4566: character represented by universal-character-name '\u28FA' cannot be represented in the current code page (1252)
C:\Users\Dasha\Pictures\sprint-eschool-team001\Main\Main\question.cpp(371,1): warning C4566: character represented by universal-character-name '\u28FF' cannot be represented in the current code page (1252)
C:\Users\Dasha\Pictures\sprint-eschool-team001\Main\Main\question.cpp(371,1): warning C4566: character represented by universal-character-name '\u28F7' cannot be represented in the current code page (1252)
C:\Users\Dasha\Pictures\sprint-eschool-team001\Main\Main\question.cpp(371,1): warning C4566: character represented by universal-character-name '\u28E4' cannot be represented in the current code page (1252)
C:\Users\Dasha\Pictures\sprint-eschool-team001\Main\Main\question.cpp(371,1): warning C4566: character represented by universal-character-name '\u28C4' cannot be represented in the current code page (1252)
C:\Users\Dasha\Pictures\sprint-eschool-team001\Main\Main\question.cpp(372,1): warning C4566: character represented by universal-character-name '\u2880' cannot be represented in the current code page (1252)
C:\Users\Dasha\Pictures\sprint-eschool-team001\Main\Main\question.cpp(372,1): warning C4566: character represented by universal-character-name '\u2840' cannot be represented in the current code page (1252)
C:\Users\Dasha\Pictures\sprint-eschool-team001\Main\Main\question.cpp(372,1): warning C4566: character represented by universal-character-name '\u28B8' cannot be represented in the current code page (1252)
C:\Users\Dasha\Pictures\sprint-eschool-team001\Main\Main\question.cpp(372,1): warning C4566: character represented by universal-character-name '\u28FF' cannot be represented in the current code page (1252)
C:\Users\Dasha\Pictures\sprint-eschool-team001\Main\Main\question.cpp(372,1): warning C4566: character represented by universal-character-name '\u28F7' cannot be represented in the current code page (1252)
C:\Users\Dasha\Pictures\sprint-eschool-team001\Main\Main\question.cpp(372,1): warning C4566: character represented by universal-character-name '\u28F6' cannot be represented in the current code page (1252)
C:\Users\Dasha\Pictures\sprint-eschool-team001\Main\Main\question.cpp(373,1): warning C4566: character represented by universal-character-name '\u281B' cannot be represented in the current code page (1252)
C:\Users\Dasha\Pictures\sprint-eschool-team001\Main\Main\question.cpp(373,1): warning C4566: character represented by universal-character-name '\u28FB' cannot be represented in the current code page (1252)
C:\Users\Dasha\Pictures\sprint-eschool-team001\Main\Main\question.cpp(373,1): warning C4566: character represented by universal-character-name '\u28FF' cannot be represented in the current code page (1252)
C:\Users\Dasha\Pictures\sprint-eschool-team001\Main\Main\question.cpp(373,1): warning C4566: character represented by universal-character-name '\u28F6' cannot be represented in the current code page (1252)
C:\Users\Dasha\Pictures\sprint-eschool-team001\Main\Main\question.cpp(373,1): warning C4566: character represented by universal-character-name '\u2803' cannot be represented in the current code page (1252)
C:\Users\Dasha\Pictures\sprint-eschool-team001\Main\Main\question.cpp(374,1): warning C4566: character represented by universal-character-name '\u2818' cannot be represented in the current code page (1252)
C:\Users\Dasha\Pictures\sprint-eschool-team001\Main\Main\question.cpp(374,1): warning C4566: character represented by universal-character-name '\u281B' cannot be represented in the current code page (1252)
C:\Users\Dasha\Pictures\sprint-eschool-team001\Main\Main\question.cpp(374,1): warning C4566: character represented by universal-character-name '\u283B' cannot be represented in the current code page (1252)
C:\Users\Dasha\Pictures\sprint-eschool-team001\Main\Main\question.cpp(374,1): warning C4566: character represented by universal-character-name '\u28BF' cannot be represented in the current code page (1252)
C:\Users\Dasha\Pictures\sprint-eschool-team001\Main\Main\question.cpp(374,1): warning C4566: character represented by universal-character-name '\u28FF' cannot be represented in the current code page (1252)
C:\Users\Dasha\Pictures\sprint-eschool-team001\Main\Main\question.cpp(375,1): warning C4566: character represented by universal-character-name '\u2839' cannot be represented in the current code page (1252)
C:\Users\Dasha\Pictures\sprint-eschool-team001\Main\Main\question.cpp(375,1): warning C4566: character represented by universal-character-name '\u28FF' cannot be represented in the current code page (1252)
C:\Users\Dasha\Pictures\sprint-eschool-team001\Main\Main\question.cpp(375,1): warning C4566: character represented by universal-character-name '\u285F' cannot be represented in the current code page (1252)
C:\Users\Dasha\Pictures\sprint-eschool-team001\Main\Main\question.cpp(375,1): warning C4566: character represented by universal-character-name '\u281B' cannot be represented in the current code page (1252)
C:\Users\Dasha\Pictures\sprint-eschool-team001\Main\Main\question.cpp(376,1): warning C4566: character represented by universal-character-name '\u28A8' cannot be represented in the current code page (1252)
C:\Users\Dasha\Pictures\sprint-eschool-team001\Main\Main\question.cpp(376,1): warning C4566: character represented by universal-character-name '\u28FF' cannot be represented in the current code page (1252)
C:\Users\Dasha\Pictures\sprint-eschool-team001\Main\Main\question.cpp(376,1): warning C4566: character represented by universal-character-name '\u281B' cannot be represented in the current code page (1252)
C:\Users\Dasha\Pictures\sprint-eschool-team001\Main\Main\question.cpp(377,1): warning C4566: character represented by universal-character-name '\u283B' cannot be represented in the current code page (1252)
C:\Users\Dasha\Pictures\sprint-eschool-team001\Main\Main\question.cpp(377,1): warning C4566: character represented by universal-character-name '\u283F' cannot be represented in the current code page (1252)
C:\Users\Dasha\Pictures\sprint-eschool-team001\Main\Main\question.cpp(377,1): warning C4566: character represented by universal-character-name '\u28FF' cannot be represented in the current code page (1252)
C:\Users\Dasha\Pictures\sprint-eschool-team001\Main\Main\question.cpp(377,1): warning C4566: character represented by universal-character-name '\u280B' cannot be represented in the current code page (1252)
C:\Users\Dasha\Pictures\sprint-eschool-team001\Main\Main\question.cpp(377,1): warning C4566: character represented by universal-character-name '\u28C0' cannot be represented in the current code page (1252)
C:\Users\Dasha\Pictures\sprint-eschool-team001\Main\Main\question.cpp(378,1): warning C4566: character represented by universal-character-name '\u28FB' cannot be represented in the current code page (1252)
C:\Users\Dasha\Pictures\sprint-eschool-team001\Main\Main\question.cpp(378,1): warning C4566: character represented by universal-character-name '\u28FF' cannot be represented in the current code page (1252)
C:\Users\Dasha\Pictures\sprint-eschool-team001\Main\Main\question.cpp(378,1): warning C4566: character represented by universal-character-name '\u28F6' cannot be represented in the current code page (1252)
C:\Users\Dasha\Pictures\sprint-eschool-team001\Main\Main\question.cpp(378,1): warning C4566: character represented by universal-character-name '\u2844' cannot be represented in the current code page (1252)
C:\Users\Dasha\Pictures\sprint-eschool-team001\Main\Main\question.cpp(379,1): warning C4566: character represented by universal-character-name '\u285D' cannot be represented in the current code page (1252)
C:\Users\Dasha\Pictures\sprint-eschool-team001\Main\Main\question.cpp(379,1): warning C4566: character represented by universal-character-name '\u28FF' cannot be represented in the current code page (1252)
C:\Users\Dasha\Pictures\sprint-eschool-team001\Main\Main\question.cpp(379,1): warning C4566: character represented by universal-character-name '\u28E7' cannot be represented in the current code page (1252)
C:\Users\Dasha\Pictures\sprint-eschool-team001\Main\Main\question.cpp(379,1): warning C4566: character represented by universal-character-name '\u2840' cannot be represented in the current code page (1252)
C:\Users\Dasha\Pictures\sprint-eschool-team001\Main\Main\question.cpp(380,1): warning C4566: character represented by universal-character-name '\u28B0' cannot be represented in the current code page (1252)
C:\Users\Dasha\Pictures\sprint-eschool-team001\Main\Main\question.cpp(380,1): warning C4566: character represented by universal-character-name '\u28FF' cannot be represented in the current code page (1252)
C:\Users\Dasha\Pictures\sprint-eschool-team001\Main\Main\question.cpp(380,1): warning C4566: character represented by universal-character-name '\u28FD' cannot be represented in the current code page (1252)
C:\Users\Dasha\Pictures\sprint-eschool-team001\Main\Main\question.cpp(380,1): warning C4566: character represented by universal-character-name '\u28C9' cannot be represented in the current code page (1252)
C:\Users\Dasha\Pictures\sprint-eschool-team001\Main\Main\question.cpp(381,1): warning C4566: character represented by universal-character-name '\u28B0' cannot be represented in the current code page (1252)
C:\Users\Dasha\Pictures\sprint-eschool-team001\Main\Main\question.cpp(381,1): warning C4566: character represented by universal-character-name '\u28FF' cannot be represented in the current code page (1252)
C:\Users\Dasha\Pictures\sprint-eschool-team001\Main\Main\question.cpp(381,1): warning C4566: character represented by universal-character-name '\u28DF' cannot be represented in the current code page (1252)
C:\Users\Dasha\Pictures\sprint-eschool-team001\Main\Main\question.cpp(382,1): warning C4566: character represented by universal-character-name '\u28FF' cannot be represented in the current code page (1252)
C:\Users\Dasha\Pictures\sprint-eschool-team001\Main\Main\question.cpp(382,1): warning C4566: character represented by universal-character-name '\u28F7' cannot be represented in the current code page (1252)
C:\Users\Dasha\Pictures\sprint-eschool-team001\Main\Main\question.cpp(382,1): warning C4566: character represented by universal-character-name '\u2876' cannot be represented in the current code page (1252)
C:\Users\Dasha\Pictures\sprint-eschool-team001\Main\Main\question.cpp(383,1): warning C4566: character represented by universal-character-name '\u28F0' cannot be represented in the current code page (1252)
C:\Users\Dasha\Pictures\sprint-eschool-team001\Main\Main\question.cpp(383,1): warning C4566: character represented by universal-character-name '\u28FF' cannot be represented in the current code page (1252)
C:\Users\Dasha\Pictures\sprint-eschool-team001\Main\Main\question.cpp(383,1): warning C4566: character represented by universal-character-name '\u281F' cannot be represented in the current code page (1252)
C:\Users\Dasha\Pictures\sprint-eschool-team001\Main\Main\question.cpp(383,1): warning C4566: character represented by universal-character-name '\u283F' cannot be represented in the current code page (1252)
C:\Users\Dasha\Pictures\sprint-eschool-team001\Main\Main\question.cpp(383,1): warning C4566: character represented by universal-character-name '\u287F' cannot be represented in the current code page (1252)
C:\Users\Dasha\Pictures\sprint-eschool-team001\Main\Main\question.cpp(383,1): warning C4566: character represented by universal-character-name '\u280B' cannot be represented in the current code page (1252)
C:\Users\Dasha\Pictures\sprint-eschool-team001\Main\Main\question.cpp(384,1): warning C4566: character represented by universal-character-name '\u283B' cannot be represented in the current code page (1252)
C:\Users\Dasha\Pictures\sprint-eschool-team001\Main\Main\question.cpp(384,1): warning C4566: character represented by universal-character-name '\u283F' cannot be represented in the current code page (1252)
C:\Users\Dasha\Pictures\sprint-eschool-team001\Main\Main\question.cpp(384,1): warning C4566: character represented by universal-character-name '\u28FF' cannot be represented in the current code page (1252)
C:\Users\Dasha\Pictures\sprint-eschool-team001\Main\Main\question.cpp(384,1): warning C4566: character represented by universal-character-name '\u287F' cannot be represented in the current code page (1252)
C:\Users\Dasha\Pictures\sprint-eschool-team001\Main\Main\question.cpp(384,1): warning C4566: character represented by universal-character-name '\u2809' cannot be represented in the current code page (1252)
C:\Users\Dasha\Pictures\sprint-eschool-team001\Main\Main\question.cpp(384,1): warning C4566: character represented by universal-character-name '\u2800' cannot be represented in the current code page (1252)
C:\Users\Dasha\Pictures\sprint-eschool-team001\Main\Main\question.cpp(384,1): warning C4566: character represented by universal-character-name '\u2808' cannot be represented in the current code page (1252)
C:\Users\Dasha\Pictures\sprint-eschool-team001\Main\Main\question.cpp(384,1): warning C4566: character represented by universal-character-name '\u2819' cannot be represented in the current code page (1252)
C:\Users\Dasha\Pictures\sprint-eschool-team001\Main\Main\question.cpp(384,1): warning C4566: character represented by universal-character-name '\u281B' cannot be represented in the current code page (1252)
C:\Users\Dasha\Pictures\sprint-eschool-team001\Main\Main\question.cpp(384,1): warning C4566: character represented by universal-character-name '\u280B' cannot be represented in the current code page (1252)
C:\Users\Dasha\Pictures\sprint-eschool-team001\Main\Main\question.cpp(384,1): warning C4566: character represented by universal-character-name '\u2840' cannot be represented in the current code page (1252)
C:\Users\Dasha\Pictures\sprint-eschool-team001\Main\Main\question.cpp(385,1): warning C4566: character represented by universal-character-name '\u2809' cannot be represented in the current code page (1252)
C:\Users\Dasha\Pictures\sprint-eschool-team001\Main\Main\question.cpp(385,1): warning C4566: character represented by universal-character-name '\u2801' cannot be represented in the current code page (1252)
C:\Users\Dasha\Pictures\sprint-eschool-team001\Main\Main\question.cpp(385,1): warning C4566: character represented by universal-character-name '\u2808' cannot be represented in the current code page (1252)
C:\Users\Dasha\Pictures\sprint-eschool-team001\Main\Main\question.cpp(385,1): warning C4566: character represented by universal-character-name '\u281B' cannot be represented in the current code page (1252)
C:\Users\Dasha\Pictures\sprint-eschool-team001\Main\Main\question.cpp(385,1): warning C4566: character represented by universal-character-name '\u28BF' cannot be represented in the current code page (1252)
C:\Users\Dasha\Pictures\sprint-eschool-team001\Main\Main\question.cpp(385,1): warning C4566: character represented by universal-character-name '\u28FF' cannot be represented in the current code page (1252)
C:\Users\Dasha\Pictures\sprint-eschool-team001\Main\Main\question.cpp(385,1): warning C4566: character represented by universal-character-name '\u2807' cannot be represented in the current code page (1252)
C:\Users\Dasha\Pictures\sprint-eschool-team001\Main\Main\question.cpp(385,1): warning C4566: character represented by universal-character-name '\u2800' cannot be represented in the current code page (1252)
C:\Users\Dasha\Pictures\sprint-eschool-team001\Main\Main\question.cpp(385,1): warning C4566: character represented by universal-character-name '\u28F4' cannot be represented in the current code page (1252)
C:\Users\Dasha\Pictures\sprint-eschool-team001\Main\Main\question.cpp(385,1): warning C4566: character represented by universal-character-name '\u28F7' cannot be represented in the current code page (1252)
C:\Users\Dasha\Pictures\sprint-eschool-team001\Main\Main\question.cpp(386,1): warning C4566: character represented by universal-character-name '\u2818' cannot be represented in the current code page (1252)
C:\Users\Dasha\Pictures\sprint-eschool-team001\Main\Main\question.cpp(386,1): warning C4566: character represented by universal-character-name '\u28FF' cannot be represented in the current code page (1252)
C:\Users\Dasha\Pictures\sprint-eschool-team001\Main\Main\question.cpp(386,1): warning C4566: character represented by universal-character-name '\u284F' cannot be represented in the current code page (1252)
C:\Users\Dasha\Pictures\sprint-eschool-team001\Main\Main\question.cpp(387,1): warning C4566: character represented by universal-character-name '\u2819' cannot be represented in the current code page (1252)
C:\Users\Dasha\Pictures\sprint-eschool-team001\Main\Main\question.cpp(387,1): warning C4566: character represented by universal-character-name '\u2803' cannot be represented in the current code page (1252)
C:\Users\Dasha\Pictures\sprint-eschool-team001\Main\Main\question.cpp(797,1): warning C4715: 'question': not all control paths return a value
  Main.vcxproj -> C:\Users\Dasha\Pictures\sprint-eschool-team001\Main\x64\Debug\Main.exe
